// Jest Snapshot v1, https://goo.gl/fbAQLP

exports[`<ButtonVolume /> render should render without errors 1`] = `
Object {
  "asFragment": [Function],
  "baseElement": <body>
    <div>
      <button
        aria-label="Click to control the volume of the song"
        class="controls-media__button button button--large"
        data-testid="component-controls-media-button-volume"
        data-volume="1"
        id="controls-button-volume"
        title="Control Volume"
        type="button"
      >
        <svg
          class="icon"
          fill="none"
          height="9"
          viewBox="0 0 9 9"
          width="9"
          xmlns="http://www.w3.org/2000/svg"
        >
          <path
            d="M6.652.587V0H5.478v.587h-.587v.587h-.587v.587h-.587v.587h-1.37v.587h-.586v3.13h.587v.587h1.37v.587h.586v.587h.587v.587h.587V9h1.174v-.587h.587V.587h-.587z"
            fill="var(--color-icon, #000)"
          />
        </svg>
      </button>
    </div>
  </body>,
  "container": <div>
    <button
      aria-label="Click to control the volume of the song"
      class="controls-media__button button button--large"
      data-testid="component-controls-media-button-volume"
      data-volume="1"
      id="controls-button-volume"
      title="Control Volume"
      type="button"
    >
      <svg
        class="icon"
        fill="none"
        height="9"
        viewBox="0 0 9 9"
        width="9"
        xmlns="http://www.w3.org/2000/svg"
      >
        <path
          d="M6.652.587V0H5.478v.587h-.587v.587h-.587v.587h-.587v.587h-1.37v.587h-.586v3.13h.587v.587h1.37v.587h.586v.587h.587v.587h.587V9h1.174v-.587h.587V.587h-.587z"
          fill="var(--color-icon, #000)"
        />
      </svg>
    </button>
  </div>,
  "debug": [Function],
  "findAllByAltText": [Function],
  "findAllByDisplayValue": [Function],
  "findAllByLabelText": [Function],
  "findAllByPlaceholderText": [Function],
  "findAllByRole": [Function],
  "findAllByTestId": [Function],
  "findAllByText": [Function],
  "findAllByTitle": [Function],
  "findByAltText": [Function],
  "findByDisplayValue": [Function],
  "findByLabelText": [Function],
  "findByPlaceholderText": [Function],
  "findByRole": [Function],
  "findByTestId": [Function],
  "findByText": [Function],
  "findByTitle": [Function],
  "getAllByAltText": [Function],
  "getAllByDisplayValue": [Function],
  "getAllByLabelText": [Function],
  "getAllByPlaceholderText": [Function],
  "getAllByRole": [Function],
  "getAllByTestId": [Function],
  "getAllByText": [Function],
  "getAllByTitle": [Function],
  "getByAltText": [Function],
  "getByDisplayValue": [Function],
  "getByLabelText": [Function],
  "getByPlaceholderText": [Function],
  "getByRole": [Function],
  "getByTestId": [Function],
  "getByText": [Function],
  "getByTitle": [Function],
  "queryAllByAltText": [Function],
  "queryAllByDisplayValue": [Function],
  "queryAllByLabelText": [Function],
  "queryAllByPlaceholderText": [Function],
  "queryAllByRole": [Function],
  "queryAllByTestId": [Function],
  "queryAllByText": [Function],
  "queryAllByTitle": [Function],
  "queryByAltText": [Function],
  "queryByDisplayValue": [Function],
  "queryByLabelText": [Function],
  "queryByPlaceholderText": [Function],
  "queryByRole": [Function],
  "queryByTestId": [Function],
  "queryByText": [Function],
  "queryByTitle": [Function],
  "rerender": [Function],
  "unmount": [Function],
}
`;
