// Jest Snapshot v1, https://goo.gl/fbAQLP

exports[`<TopBar /> should render a top-bar 1`] = `
Object {
  "asFragment": [Function],
  "baseElement": <body>
    <div>
      <header
        class="sc-AxjAm jffeXQ row"
        id="top-bar"
      >
        <button
          class="top-bar__button button"
          data-testid="component-top-bar-button"
          type="button"
        >
          <span
            class="sr-only"
          >
            Close this window
          </span>
        </button>
        <div
          class="top-bar__handle"
          role="presentation"
        >
          <span
            class="top-bar__handle__item"
          />
          <span
            class="top-bar__handle__item"
          />
          <span
            class="top-bar__handle__item"
          />
          <span
            class="top-bar__handle__item"
          />
          <span
            class="top-bar__handle__item"
          />
          <span
            class="top-bar__handle__item"
          />
        </div>
        <h2
          class="top-bar__title"
        >
          Poolside FM
        </h2>
      </header>
    </div>
  </body>,
  "container": <div>
    <header
      class="sc-AxjAm jffeXQ row"
      id="top-bar"
    >
      <button
        class="top-bar__button button"
        data-testid="component-top-bar-button"
        type="button"
      >
        <span
          class="sr-only"
        >
          Close this window
        </span>
      </button>
      <div
        class="top-bar__handle"
        role="presentation"
      >
        <span
          class="top-bar__handle__item"
        />
        <span
          class="top-bar__handle__item"
        />
        <span
          class="top-bar__handle__item"
        />
        <span
          class="top-bar__handle__item"
        />
        <span
          class="top-bar__handle__item"
        />
        <span
          class="top-bar__handle__item"
        />
      </div>
      <h2
        class="top-bar__title"
      >
        Poolside FM
      </h2>
    </header>
  </div>,
  "debug": [Function],
  "findAllByAltText": [Function],
  "findAllByDisplayValue": [Function],
  "findAllByLabelText": [Function],
  "findAllByPlaceholderText": [Function],
  "findAllByRole": [Function],
  "findAllByTestId": [Function],
  "findAllByText": [Function],
  "findAllByTitle": [Function],
  "findByAltText": [Function],
  "findByDisplayValue": [Function],
  "findByLabelText": [Function],
  "findByPlaceholderText": [Function],
  "findByRole": [Function],
  "findByTestId": [Function],
  "findByText": [Function],
  "findByTitle": [Function],
  "getAllByAltText": [Function],
  "getAllByDisplayValue": [Function],
  "getAllByLabelText": [Function],
  "getAllByPlaceholderText": [Function],
  "getAllByRole": [Function],
  "getAllByTestId": [Function],
  "getAllByText": [Function],
  "getAllByTitle": [Function],
  "getByAltText": [Function],
  "getByDisplayValue": [Function],
  "getByLabelText": [Function],
  "getByPlaceholderText": [Function],
  "getByRole": [Function],
  "getByTestId": [Function],
  "getByText": [Function],
  "getByTitle": [Function],
  "queryAllByAltText": [Function],
  "queryAllByDisplayValue": [Function],
  "queryAllByLabelText": [Function],
  "queryAllByPlaceholderText": [Function],
  "queryAllByRole": [Function],
  "queryAllByTestId": [Function],
  "queryAllByText": [Function],
  "queryAllByTitle": [Function],
  "queryByAltText": [Function],
  "queryByDisplayValue": [Function],
  "queryByLabelText": [Function],
  "queryByPlaceholderText": [Function],
  "queryByRole": [Function],
  "queryByTestId": [Function],
  "queryByText": [Function],
  "queryByTitle": [Function],
  "rerender": [Function],
  "unmount": [Function],
}
`;
