// Jest Snapshot v1, https://goo.gl/fbAQLP

exports[`withMemo should return a MemoExoticComponent 1`] = `ShallowWrapper {}`;
