// Jest Snapshot v1, https://goo.gl/fbAQLP

exports[`<Homepage /> should render the homepage 1`] = `ShallowWrapper {}`;
