// Jest Snapshot v1, https://goo.gl/fbAQLP

exports[`<Settings /> should render the settings page 1`] = `ShallowWrapper {}`;
