// Jest Snapshot v1, https://goo.gl/fbAQLP

exports[`<PlayerVisualizer /> render should render a visualizer 1`] = `ShallowWrapper {}`;
