// Jest Snapshot v1, https://goo.gl/fbAQLP

exports[`<PlayerVisualizer /> should render a visualizer 1`] = `ShallowWrapper {}`;
