// Jest Snapshot v1, https://goo.gl/fbAQLP

exports[`<App /> should render a visualizer 1`] = `ShallowWrapper {}`;
